1781709395428:aa
1781709405603:bbid
1781709410763:ab
1781709413931:bins
1781709424955:ag
1781709478371:bins newBook 1 1
1781709487780:bdel 4
1781709494395:bins newBook 1 1
1781710013629:stacktrace
1781763493221:bins newBook 1 1
1781763497133:stacktrace
1781763645628:bin newBook 1 1
1781763657947:stacktrace
1781763665659:bins
1781763673908:bins newBook 1 1
1781769177393:bin newBook 1 1
1781769184200:bins
1781769192705:bins newBook 1 1
1783004724312:ab
1783004733468:bbid 1
1783004745261:bins erferf
1783004753636:bins werf 1 1
1783004757580:ab
1783005657501:aa
1783005681397:ab
1783006370621:aa
1783007860719:ab
1783007922919:aa
1783007927502:aa 1
1783008545991:ag
1783008555350:ag 1,2
1783009684864:bins
1783009691488:bins wedwed 1 1
1783009700897:bins gdfgdfgfg 1 1,2,3
1783009709168:ab
1783010242153:bins
1783010247673:bins wewed 1 1,2,3
1783010254568:ab
1783010257664:ag
1783095637772:ab
1783097533678:cfbid 1
